// Jest Snapshot v1, https://goo.gl/fbAQLP

exports[`render withTabState 1`] = `null`;
