// Jest Snapshot v1, https://goo.gl/fbAQLP

exports[`render withReviewState 1`] = `<section />`;
