// Jest Snapshot v1, https://goo.gl/fbAQLP

exports[`render withMovieCardState 1`] = `<article />`;
